// Jest Snapshot v1, https://goo.gl/fbAQLP

exports[`Testing snapshot for StackadaptAudiences's postMessage destination action: all fields 1`] = `
Object {
  "query": "6Zxm%1",
  "variables": Object {
    "testType": "6Zxm%1",
  },
}
`;

exports[`Testing snapshot for StackadaptAudiences's postMessage destination action: required fields 1`] = `Object {}`;
