// Jest Snapshot v1, https://goo.gl/fbAQLP

exports[`Testing snapshot for StackAdapt's getAudience destination action: all fields 1`] = `
Object {
  "operationName": "GetExistingSegment",
  "query": "query GetExistingSegment($externalId: ID!) {
            customSegment(id: $externalId) {
              id
            }
          }",
  "variables": Object {
    "externalId": "Y)AX1A$cUA28a7jU",
  },
}
`;

exports[`Testing snapshot for StackAdapt's getAudience destination action: required fields 1`] = `
Object {
  "operationName": "GetExistingSegment",
  "query": "query GetExistingSegment($externalId: ID!) {
            customSegment(id: $externalId) {
              id
            }
          }",
  "variables": Object {
    "externalId": "Y)AX1A$cUA28a7jU",
  },
}
`;
